Using username "student-04-97c23b588aed".
Authenticating with public key "imported-openssh-key"
Linux linux-instance 4.9.0-15-amd64 #1 SMP Debian 4.9.258-1 (2021-03-08) x86_64

The programs included with the Debian GNU/Linux system are free software;
the exact distribution terms for each program are described in the
individual files in /usr/share/doc/*/copyright.

Debian GNU/Linux comes with ABSOLUTELY NO WARRANTY, to the extent
permitted by applicable law.
student-04-97c23b588aed@linux-instance:~$ cd ~/food-scripts
student-04-97c23b588aed@linux-instance:~/food-scripts$ ls
favorite_foods.log  food_count.py  food_question.py
student-04-97c23b588aed@linux-instance:~/food-scripts$ cat favorite_foods.log
pie
burgers
pizza
pie
tacos
fried chicken
spaghetti
rice
cake
broccoli
cake
cereal
salad
avocados
burgers
rice
rice
salad
ice cream
avocados
pie
pizza
fish
fried chicken
rice
strawberries
broccoli
bananas
salad
pizza
tacos
spaghetti
burgers
spaghetti
spaghetti
watermelon
avocados
strawberries
avocados
burgers
spaghetti
salad
pie
fried chicken
rice
fish
fried chicken
ice cream
fried chicken
pizza
salad
avocados
rice
pie
pie
tacos
fish
rice
salad
bananas
burgers
salad
rice
tacos
fried chicken
pizza
bananas
rice
bananas
rice
cereal
pizza
ice cream
strawberries
cereal
fried chicken
rice
burgers
bananas
broccoli
rice
burgers
avocados
tacos
fish
broccoli
fried chicken
pizza
burgers
cake
tacos
pie
burgers
ice cream
broccoli
watermelon
fried chicken
pie
burgers
ice cream
student-04-97c23b588aed@linux-instance:~/food-scripts$ ./food_count.py
rice, 12
burgers, 10
fried chicken, 9
pie, 8
pizza, 7
salad, 7
tacos, 6
avocados, 6
bananas, 5
spaghetti, 5
broccoli, 5
ice cream, 5
fish, 4
strawberries, 3
cereal, 3
cake, 3
watermelon, 2
student-04-97c23b588aed@linux-instance:~/food-scripts$ ./food_question.py
Traceback (most recent call last):
  File "./food_question.py", line 10, in <module>
    if item not in counter:
NameError: name 'item' is not defined
student-04-97c23b588aed@linux-instance:~/food-scripts$ git status
On branch master
nothing to commit, working tree clean
student-04-97c23b588aed@linux-instance:~/food-scripts$ git log
commit 21cf376832fa6eace35c0bf9e4bae4a3400452e9
Author: Alex Cooper <alex_cooper@gmail.com>
commit 21cf376832fa6eace35c0bf9e4bae4a3400452e9
Author: Alex Cooper <alex_cooper@gmail.com>
commit 21cf376832fa6eace35c0bf9e4bae4a3400452e9
Author: Alex Cooper <alex_cooper@gmail.com>
Date:   Wed Jan 8 14:09:39 2020 +0530

    Rename item variable to food_item.

commit b8d00e33237b24ea1480c363edd972cf4b49eedf
Author: Alex Cooper <alex_cooper@gmail.com>
Date:   Wed Jan 8 14:08:35 2020 +0530

    Added file food_question.py that returns how many others in the list like that same food.

commit 8d5a3189b88d273ef08286e5074b5e38d616da21
Author: Alex Cooper <alex_cooper@gmail.com>
Date:   Wed Jan 8 14:07:15 2020 +0530

    Added file food_count.py that returns a list of each food and the number of times each food appears in favorite_foods.log file.

commit 0a202e03e0356d2b5c323e51905d3d06e5e2d0ed
Author: Alex Cooper <alex_cooper@gmail.com>
Date:   Wed Jan 8 14:06:21 2020 +0530
student-04-97c23b588aed@linux-instance:~/food-scripts$ git config user.name "Name"
student-04-97c23b588aed@linux-instance:~/food-scripts$ git config user.email "user@example.com"
student-04-97c23b588aed@linux-instance:~/food-scripts$ git branch improve-outputstudent-04-97c23b588aed@linux-instance:~/food-scripts$ git checkout improve-output
Switched to branch 'improve-output'
student-04-97c23b588aed@linux-instance:~/food-scripts$ nano food_count.py
student-04-97c23b588aed@linux-instance:~/food-scripts$ ./food_count.py
Favourite foods, from most popular to least popular
rice, 12
burgers, 10
fried chicken, 9
pie, 8
pizza, 7
salad, 7
tacos, 6
avocados, 6
spaghetti, 5
ice cream, 5
bananas, 5
broccoli, 5
fish, 4
cake, 3
cereal, 3
strawberries, 3
watermelon, 2
student-04-97c23b588aed@linux-instance:~/food-scripts$ git add food_count.py
student-04-97c23b588aed@linux-instance:~/food-scripts$ git commit -m "Adding a line in the output describing the utility of food_count.py script"
[improve-output 1b372b2] Adding a line in the output describing the utility of food_count.py script
 1 file changed, 1 insertion(+)
student-04-97c23b588aed@linux-instance:~/food-scripts$ ./food_question.py
Traceback (most recent call last):
  File "./food_question.py", line 10, in <module>
    if item not in counter:
NameError: name 'item' is not defined
student-04-97c23b588aed@linux-instance:~/food-scripts$ git log
commit 1b372b2ca1fe764dc7413633034c54c0912f4e8f
Author: Name <user@example.com>
Date:   Sat Jul 3 10:00:51 2021 +0000

    Adding a line in the output describing the utility of food_count.py script

commit 21cf376832fa6eace35c0bf9e4bae4a3400452e9
Author: Alex Cooper <alex_cooper@gmail.com>
Date:   Wed Jan 8 14:09:39 2020 +0530

    Rename item variable to food_item.

commit b8d00e33237b24ea1480c363edd972cf4b49eedf
Author: Alex Cooper <alex_cooper@gmail.com>
Date:   Wed Jan 8 14:08:35 2020 +0530

    Added file food_question.py that returns how many others in the list like that same food.

commit 8d5a3189b88d273ef08286e5074b5e38d616da21
Author: Alex Cooper <alex_cooper@gmail.com>
Date:   Wed Jan 8 14:07:15 2020 +0530

    Added file food_count.py that returns a list of each food and the number of times each food appears in favorite_foods.log file.

student-04-97c23b588aed@linux-instance:~/food-scripts$ git revert ^C
student-04-97c23b588aed@linux-instance:~/food-scripts$ git revert 21cf376832fa6eace35c0bf9e4bae4a3400452e9
[improve-output dc9308f] Revert "Rename item variable to food_item."
 1 file changed, 1 insertion(+), 1 deletion(-)
student-04-97c23b588aed@linux-instance:~/food-scripts$ ./food_question.py
Select your favorite food below:
fish
watermelon
spaghetti
salad
pizza
burgers
cereal
bananas
strawberries
rice
broccoli
avocados
tacos
fried chicken
ice cream
pie
cake
Which of the foods above is your favorite? rice
12 of your friends like rice as well!
student-04-97c23b588aed@linux-instance:~/food-scripts$ git checkout master
Switched to branch 'master'
student-04-97c23b588aed@linux-instance:~/food-scripts$ git merge improve-output
Updating 21cf376..dc9308f
Fast-forward
 food_count.py    | 1 +
 food_question.py | 2 +-
 2 files changed, 2 insertions(+), 1 deletion(-)
student-04-97c23b588aed@linux-instance:~/food-scripts$ ./food_question.py
Select your favorite food below:
cake
broccoli
tacos
fried chicken
fish
ice cream
pizza
bananas
rice
avocados
spaghetti
burgers
watermelon
strawberries
cereal
pie
salad
Which of the foods above is your favorite? burgers
10 of your friends like burgers as well!
student-04-97c23b588aed@linux-instance:~/food-scripts$ git status
On branch improve-output
nothing to commit, working tree clean
student-04-97c23b588aed@linux-instance:~/food-scripts$ git log
commit dc9308f73b4385dac738fffa0a8f2937b8b80002
Author: Name <user@example.com>
Date:   Sat Jul 3 10:04:21 2021 +0000

    Revert "Rename item variable to food_item."

    This reverts commit 21cf376832fa6eace35c0bf9e4bae4a3400452e9.

commit 1b372b2ca1fe764dc7413633034c54c0912f4e8f
Author: Name <user@example.com>
Date:   Sat Jul 3 10:00:51 2021 +0000

    Adding a line in the output describing the utility of food_count.py script

commit 21cf376832fa6eace35c0bf9e4bae4a3400452e9
Author: Alex Cooper <alex_cooper@gmail.com>
Date:   Wed Jan 8 14:09:39 2020 +0530

    Rename item variable to food_item.

commit b8d00e33237b24ea1480c363edd972cf4b49eedf
Author: Alex Cooper <alex_cooper@gmail.com>
Date:   Wed Jan 8 14:08:35 2020 +0530

    Added file food_question.py that returns how many others in the list like that same food.
student-04-97c23b588aed@linux-instance:~/food-scripts$
